CGTN,https://0472.org/hls/cgtn.m3u8
CGTN,http://english-livetx.cgtn.com/hls/yypdyyctzb_hd.m3u8
CGTN俄语,https://0472.org/hls/cgtne.m3u8
CGTN俄语,http://russian-livews.cgtn.com/hls/LSvexABhNipibK5KRuUkvHZ7220802LSTeze9o8tdFXMHsb1VosgoT220802cd.m3u8
CGTN法语,https://0472.org/hls/cgtnf.m3u8
CGTN法语,http://espanol-liveali.cgtn.com/hls/LSveOGBaBw41Ea7ukkVAUdKQ220802LSTexu6xAuFH8VZNBLE1ZNEa220802cd.m3u8
CGTN纪录,https://0472.org/hls/cgtnd.m3u8
CGTN纪录,https://english-livetx.cgtn.com/hls/yypdjlctzb_hd.m3u8
CGTN西语,https://0472.org/hls/cgtnx.m3u8
CGTN阿语,https://0472.org/hls/cgtna.m3u8
中国交通,http://drive.mxmy.net:8888/udp/239.3.1.188:8001
熊猫直播,https://gcwbndali.v.myalicdn.com/gcwbnd/ipanda1000_2/index.m3u8
直播中国,https://gcalic.v.myalicdn.com/gc/wgw05_1/index.m3u8?contentid=2820180516001
支持作者,https://vd2.bdstatic.com/mda-scfjjr0gw3rrk0nm/sc/cae_h264/1773669284080863767/mda-scfjjr0gw3rrk0nm.mp4
兵团卫视,http://183.11.239.36:808/hls/7/index.m3u8
兵团卫视,http://120.76.248.139/live/bfgd/4200000124.m3u8
海峡卫视,http://8.138.7.223/tv/hxws.m3u8
海峡卫视,http://38.64.72.148:80/hls/modn/list/4009/chunklist0.m3u8
海峡卫视,http://38.64.72.148:80/hls/modn/list/4009/playlist.m3u8
农林卫视,http://120.76.248.139/live/bfgd/4200000122.m3u8
农林卫视,http://8.138.7.223/【公众号：榴芒电视】/农林卫视.m3u8
农林卫视,http://124.116.183.146:9901/tsfile/live/1004_1.m3u8
农林卫视,http://124.116.183.146:9901/tsfile/live/1004_1.m3u8?key=txiptv&playlive=1&authid=0
东方卫视4K,https://bp-resource-dfl.bestv.cn/148/3/video.m3u8
苏州4K,https://tylive.kan0512.com/norecord/csztv4k_4k.m3u8
龙华电影,https://cdn8.163189.xyz/live/lhdy/stream.m3u8
AMC电影,http://61.221.215.25:8800/hls/43/index.m3u8
28岁电影,https://goodiptv.club/douyu/8884164
CHC电影,http://183.237.95.108:9901/tsfile/live/1008_1.m3u8?key=txiptv&playlive=0&authid=0
二胖影视,https://goodiptv.club/douyu/10064260
人在囧途,https://vip.ffzy-play.com/20221018/1953_2d6ba500/index.m3u8
人在囧途之泰囧,https://vip.ffzy-play.com/20221018/1951_47e1adc8/index.m3u8
人在囧途之港囧,https://vip.ffzy-play7.com/20230112/11082_fde1a94d/index.m3u8
倩女幽魂人间道,http://jsmov2.a.yximgs.com/bs3/video-hls/5250634317044855747_hlsb.m3u8
倩女幽魂妖魔道,http://jsmov2.a.yximgs.com/bs3/video-hls/5232901391302199073_hlsb.m3u8
倩女幽魂道道道,http://jsmov2.a.yximgs.com/bs3/video-hls/5216294367991385255_hlsb.m3u8
冰冰影剧,http://www.goodiptv.club/douyu/74374
刀刀影院,http://www.goodiptv.club/douyu/747764
华语影视,http://www.goodiptv.club/douyu/3928
发条张的电影最TOP,https://goodiptv.club/douyu/2164691
古装武侠,http://www.goodiptv.club/douyu/2793084
天堂电影1895,https://goodiptv.club/douyu/9573592
奇怪电影,https://goodiptv.club/douyu/9440966
寒战,https://vip.ffzy-play6.com/20221019/157_bf0740ee/index.m3u8
小儛电影嘚啵嘚,https://goodiptv.club/douyu/8362978
广东影视,http://119.32.12.17:2901/udp/224.1.100.11:11111
怪兽马提尼电影,https://goodiptv.club/douyu/9075333
我不是药神,https://vip.ffzy-play1.com/20221018/478_c3afed66/index.m3u8
拆弹专家1,https://vip.ffzy-online.com/20221015/719_80ff87c2/index.m3u8
拆弹专家2,https://vip.ffzy-online.com/20221015/722_e32c42bc/index.m3u8
斗鱼港剧,http://www.goodiptv.club/douyu/5061550
无际电影,https://goodiptv.club/douyu/9720498
林九影视,https://goodiptv.club/douyu/7212528
橙记港剧,http://www.goodiptv.club/douyu/4549169
洛克电影,https://goodiptv.club/douyu/9414884
涛浪浪电影,https://goodiptv.club/douyu/5424258
热门港剧,http://www.goodiptv.club/douyu/5522351
熊猫电影,https://goodiptv.club/douyu/3506483
爱星影视,https://goodiptv.club/douyu/9476806
特辑电影院,https://goodiptv.club/douyu/3637778
独立鱼电影,https://goodiptv.club/douyu/2413555
猫眼电影,https://goodiptv.club/douyu/8726221
电影丧尸片,http://live.metshop.top/huya/21059578?cdn=alicdn
电影八点档,http://live.metshop.top/huya/880261?cdn=alicdn
电影刘德华,http://live.metshop.top/huya/11342424?cdn=alicdn
电影功夫片,http://live.metshop.top/huya/11352941?cdn=alicdn
电影动作电影,http://live.metshop.top/huya/11602077?cdn=alicdn
电影吐槽汇,https://goodiptv.club/douyu/9447668
电影周星星,http://live.metshop.top/huya/11336587?cdn=alicdn
电影幕后喵,https://goodiptv.club/douyu/8884074
电影战争片,http://live.metshop.top/huya/21059574?cdn=alicdn
电影梁家辉,http://live.metshop.top/huya/11342429?cdn=alicdn
电影漩涡,https://goodiptv.club/douyu/8706350
电影犯罪片,http://live.metshop.top/huya/11352974?cdn=alicdn
电影蜘蛛侠,http://live.metshop.top/huya/21059599?cdn=alicdn
电影谍战,http://live.metshop.top/huya/21059585?cdn=alicdn
电影谍战片,http://live.metshop.top/huya/21059587?cdn=alicdn
电影贺岁,http://live.metshop.top/huya/11601971?cdn=alicdn
电影迷小雅,https://goodiptv.club/douyu/9639225
粤语电影丶,https://goodiptv.club/douyu/1226741
经典剧集,http://www.goodiptv.club/douyu/6863367
维立方电影,https://goodiptv.club/douyu/8706393
美亚电影,https://live.tvfix.org/live/mydy/index.m3u8
美亚电影,http://zjrtv.vip/live/?tbs=mydy
老电影故事,https://goodiptv.club/douyu/9167273
让子弹飞,https://vip.ffzy-play7.com/20230116/11563_b9f44814/index.m3u8
豆瓣电影,https://live.tvfix.org/live/cmc/index.m3u8
贝爷求生,http://www.goodiptv.club/douyu/9661369
贝爷求生影视,https://goodiptv.club/douyu/9661369
逐梦电影,https://goodiptv.club/douyu/4058285
邵氏影院,http://www.goodiptv.club/douyu/4246519
铁血影视汇,https://goodiptv.club/douyu/9649701
阿苏电影,https://goodiptv.club/douyu/9037784
韩国电影1,https://stream.ads.ottera.tv/playlist.m3u8?network_id=595
韩国电影2,https://stream.ads.ottera.tv/playlist.m3u8?network_id=743
龙门飞甲,http://jsmov2.a.yximgs.com/bs3/video-hls/5203346449046555193_hlsb.m3u8
纪实科教8K,http://111.31.106.140/downflv.brtvcloud.com/8klive/8kliveok.m3u8
南国都市,https://tencentplay.gztv.com/live/nanguodushi.m3u8?txSecret=550af55c0ea34ce492748481415b6dfa&txTime=1903e7b17de
新视觉,http://120.76.248.139/live/bfgd/4200000249.m3u8
纪实科教,http://120.76.248.139/live/bfgd/4200000113.m3u8
广东少儿,http://gmxw.7766.org:808/hls/175/index.m3u8
广东少儿,http://119.32.12.17:2901/udp/224.1.100.9:11111
动画大师姐,https://goodiptv.club/douyu/9742136
韩国EBS少儿,http://ebsonairios.ebs.co.kr/ebsutablet500k/tablet500k/playlist.m3u8
11No巴蒂11,https://goodiptv.club/douyu/9455937
3秒爱上学习V,https://goodiptv.club/douyu/9541736
5毒士,https://goodiptv.club/douyu/9406600
7师傅,https://goodiptv.club/douyu/17732
AK萌虎,https://goodiptv.club/douyu/4049310
BetterMan北北,https://goodiptv.club/douyu/8507023
Biu餐厅主管,https://goodiptv.club/douyu/7921708
Cloud猪,https://goodiptv.club/douyu/527502
DS女老诗,https://goodiptv.club/douyu/563536
Ethan清醒思考,https://goodiptv.club/douyu/9481151
Hi欣欣,https://goodiptv.club/douyu/11996166
JhZj丶天明,https://goodiptv.club/douyu/1006179
KyoKyo不是QQ,https://goodiptv.club/douyu/4732337
LR1245,https://goodiptv.club/douyu/12534632
MJ小林大人嗷,https://goodiptv.club/douyu/9204381
OE档案,https://goodiptv.club/douyu/6725858
OneGuy丶,https://goodiptv.club/douyu/9734098
Only丶邵氏,https://goodiptv.club/douyu/4246519
Psyman塞门,https://goodiptv.club/douyu/9753585
QLIMES,https://goodiptv.club/douyu/1039732
Svip丶YoYo,https://goodiptv.club/douyu/3472959
TSSS映画,https://goodiptv.club/douyu/9749339
XCin888,https://goodiptv.club/douyu/3617935
YIKa777,https://goodiptv.club/douyu/8868213
a萌小翘臀,https://goodiptv.club/douyu/7552568
baby丶贝贝,https://goodiptv.club/douyu/431460
dw151295068,https://goodiptv.club/douyu/12655359
dy荒野建造,https://goodiptv.club/douyu/10039437
epcdiy,https://goodiptv.club/douyu/8759268
e尔袏,https://goodiptv.club/douyu/12015111
gslaini,https://goodiptv.club/douyu/6997954
koanluowei,https://goodiptv.club/douyu/10906963
ljgdy,https://goodiptv.club/douyu/1600769
low君热剧,https://goodiptv.club/douyu/8461020
py86阿,https://goodiptv.club/douyu/8849954
ABN China (720p),https://mediaserver.abnvideos.com/streams/abnchina.m3u8
